// Jest Snapshot v1, https://goo.gl/fbAQLP

exports[`renders correctly the app 1`] = `
<div
  className="App"
>
  <section
    className="px-4 py-40 flex flex-col items-center bg-bh-black min-h-screen"
  >
    <h1
      className="font-black text-5xl italic tracking-tighter text-bh-lightBlue mb-8"
    >
      repros
    </h1>
    <form
      className="md:w-1/3 flex flex-col justify-center items-center bg-bh-lightBlue px-6 py-12 rounded"
      onSubmit={[Function]}
    >
      <h2
        className="w-3/4 text-center text-xl text-bh-black mb-4"
      >
        Search on GitHub
      </h2>
      <input
        className="md:w-3/4 text-center text-bh-blue font-bold rounded px-1 py-2 mb-4"
        id="search"
        name="search"
        onChange={[Function]}
        placeholder="Username"
        type="text"
        value=""
      />
      <button
        className="w-1/2 flex items-center justify-center rounded-md bg-bh-black hover:bg-black text-white px-1 py-2 transition-all"
        type="submit"
      >
        Go!
      </button>
    </form>
  </section>
</div>
`;
